// Jest Snapshot v1, https://goo.gl/fbAQLP

exports[`<LinkedMusicAccountsScreen /> renders correctly 1`] = `
<View
  accessibilityIgnoresInvertColors={true}
  style={
    Object {
      "flex": 1,
      "paddingHorizontal": 20,
      "resizeMode": "cover",
    }
  }
>
  <Image
    source={1}
    style={
      Array [
        Object {
          "bottom": 0,
          "left": 0,
          "position": "absolute",
          "right": 0,
          "top": 0,
        },
        Object {
          "height": undefined,
          "width": undefined,
        },
        undefined,
      ]
    }
  />
  <RNCSafeAreaView
    style={
      Object {
        "alignItems": "center",
        "flex": 1,
        "marginTop": 25,
      }
    }
  >
    <View>
      <View
        style={
          Object {
            "alignContent": "space-around",
            "alignItems": "center",
            "flexDirection": "row",
            "height": 44,
            "justifyContent": "space-between",
            "marginBottom": 50,
            "width": 600,
          }
        }
      >
        <View
          accessible={true}
          focusable={true}
          onBlur={[Function]}
          onClick={[Function]}
          onFocus={[Function]}
          onResponderGrant={[Function]}
          onResponderMove={[Function]}
          onResponderRelease={[Function]}
          onResponderTerminate={[Function]}
          onResponderTerminationRequest={[Function]}
          onStartShouldSetResponder={[Function]}
          style={
            Object {
              "alignContent": "flex-start",
              "alignItems": "flex-start",
              "height": 44,
              "justifyContent": "center",
              "width": 44,
            }
          }
        >
          <Text
            allowFontScaling={false}
            style={
              Array [
                Object {
                  "color": "#CEE1F2",
                  "fontSize": 28,
                },
                undefined,
                Object {
                  "fontFamily": "anticon",
                  "fontStyle": "normal",
                  "fontWeight": "normal",
                },
                Object {},
              ]
            }
          >
            
          </Text>
        </View>
        <Text
          style={
            Array [
              Object {
                "color": "#869DB2",
              },
              Object {
                "fontFamily": "Nunito_400Regular",
                "fontSize": 20,
              },
              Object {
                "color": "#CEE1F2",
              },
              Object {
                "marginLeft": -15,
              },
            ]
          }
        >
          Connect music
        </Text>
        <View
          accessible={true}
          focusable={true}
          onBlur={[Function]}
          onClick={[Function]}
          onFocus={[Function]}
          onResponderGrant={[Function]}
          onResponderMove={[Function]}
          onResponderRelease={[Function]}
          onResponderTerminate={[Function]}
          onResponderTerminationRequest={[Function]}
          onStartShouldSetResponder={[Function]}
          style={
            Object {
              "opacity": 0,
            }
          }
        >
          <Text
            allowFontScaling={false}
            style={
              Array [
                Object {
                  "color": "#CEE1F2",
                  "fontSize": 28,
                },
                undefined,
                Object {
                  "fontFamily": "anticon",
                  "fontStyle": "normal",
                  "fontWeight": "normal",
                },
                Object {},
              ]
            }
          >
            
          </Text>
        </View>
      </View>
    </View>
    <RCTScrollView
      bounces={false}
      collapsable={false}
      contentContainerStyle={
        Object {
          "alignContent": "center",
          "alignItems": "center",
          "flex": 1,
          "justifyContent": "space-between",
        }
      }
      onGestureHandlerEvent={[Function]}
      onGestureHandlerStateChange={[Function]}
      style={
        Object {
          "flex": 1,
        }
      }
    >
      <View>
        <View
          style={
            Object {
              "alignContent": "center",
              "alignItems": "center",
              "justifyContent": "center",
            }
          }
        >
          <Text
            style={
              Array [
                Object {
                  "color": "#869DB2",
                },
                Object {
                  "fontFamily": "Nunito_400Regular",
                  "fontSize": 17,
                },
                Object {
                  "color": "#CEE1F2",
                },
                Object {
                  "marginBottom": 26.5,
                  "marginLeft": 0,
                },
              ]
            }
          >
            Connected
          </Text>
          <View>
            <Text
              style={
                Array [
                  Object {
                    "color": "#869DB2",
                  },
                  Object {
                    "fontFamily": "Nunito_400Regular",
                    "fontSize": 16,
                  },
                  Object {
                    "color": "#B1C2D1",
                  },
                  undefined,
                ]
              }
            >
              Press an item below to connect a music account
            </Text>
          </View>
        </View>
        <View
          style={
            Object {
              "alignContent": "center",
              "alignItems": "center",
              "justifyContent": "center",
            }
          }
        >
          <Text
            style={
              Array [
                Object {
                  "color": "#869DB2",
                },
                Object {
                  "fontFamily": "Nunito_400Regular",
                  "fontSize": 20,
                },
                Object {
                  "color": "#CEE1F2",
                },
                Object {
                  "marginBottom": 26.5,
                  "marginLeft": 0,
                },
              ]
            }
          >
            Available
          </Text>
          <View>
            <View
              style={
                Object {
                  "borderBottomColor": "#B1C2D1",
                  "borderWidth": 0.5,
                }
              }
            />
            <View
              accessible={true}
              focusable={true}
              onBlur={[Function]}
              onClick={[Function]}
              onFocus={[Function]}
              onResponderGrant={[Function]}
              onResponderMove={[Function]}
              onResponderRelease={[Function]}
              onResponderTerminate={[Function]}
              onResponderTerminationRequest={[Function]}
              onStartShouldSetResponder={[Function]}
            >
              <View
                style={
                  Object {
                    "alignContent": "center",
                    "alignItems": "center",
                    "flexDirection": "row",
                    "paddingVertical": 13.5,
                    "width": 675,
                  }
                }
              >
                <Image
                  source={1}
                  style={
                    Object {
                      "height": 44,
                      "marginRight": 37.5,
                      "opacity": 1,
                      "width": 44,
                    }
                  }
                />
                <Text
                  style={
                    Array [
                      Object {
                        "color": "#869DB2",
                      },
                      Object {
                        "fontFamily": "Nunito_400Regular",
                        "fontSize": 20,
                      },
                      Object {
                        "color": "#CEE1F2",
                      },
                      undefined,
                    ]
                  }
                >
                  Spotify
                </Text>
              </View>
            </View>
            <View
              style={
                Object {
                  "borderBottomColor": "#B1C2D1",
                  "borderWidth": 0.5,
                }
              }
            />
          </View>
          <View>
            <View
              accessible={true}
              focusable={true}
              onBlur={[Function]}
              onClick={[Function]}
              onFocus={[Function]}
              onResponderGrant={[Function]}
              onResponderMove={[Function]}
              onResponderRelease={[Function]}
              onResponderTerminate={[Function]}
              onResponderTerminationRequest={[Function]}
              onStartShouldSetResponder={[Function]}
            >
              <View
                style={
                  Object {
                    "alignContent": "center",
                    "alignItems": "center",
                    "flexDirection": "row",
                    "paddingVertical": 13.5,
                    "width": 675,
                  }
                }
              >
                <Image
                  source={1}
                  style={
                    Object {
                      "height": 44,
                      "marginRight": 37.5,
                      "opacity": 1,
                      "width": 44,
                    }
                  }
                />
                <Text
                  style={
                    Array [
                      Object {
                        "color": "#869DB2",
                      },
                      Object {
                        "fontFamily": "Nunito_400Regular",
                        "fontSize": 20,
                      },
                      Object {
                        "color": "#CEE1F2",
                      },
                      undefined,
                    ]
                  }
                >
                  Apple
                </Text>
              </View>
            </View>
            <View
              style={
                Object {
                  "borderBottomColor": "#B1C2D1",
                  "borderWidth": 0.5,
                }
              }
            />
          </View>
        </View>
        <View
          style={
            Object {
              "alignContent": "center",
              "alignItems": "center",
              "justifyContent": "center",
            }
          }
        >
          <Text
            style={
              Array [
                Object {
                  "color": "#869DB2",
                },
                Object {
                  "fontFamily": "Nunito_400Regular",
                  "fontSize": 20,
                },
                Object {
                  "color": "#CEE1F2",
                },
                Object {
                  "marginBottom": 26.5,
                  "marginLeft": 0,
                },
              ]
            }
          >
            Coming soon
          </Text>
          <View>
            <View>
              <View
                style={
                  Object {
                    "borderBottomColor": "#B1C2D1",
                    "borderWidth": 0.5,
                  }
                }
              />
              <View
                accessible={true}
                focusable={true}
                onBlur={[Function]}
                onClick={[Function]}
                onFocus={[Function]}
                onResponderGrant={[Function]}
                onResponderMove={[Function]}
                onResponderRelease={[Function]}
                onResponderTerminate={[Function]}
                onResponderTerminationRequest={[Function]}
                onStartShouldSetResponder={[Function]}
              >
                <View
                  style={
                    Object {
                      "alignContent": "center",
                      "alignItems": "center",
                      "flexDirection": "row",
                      "paddingVertical": 13.5,
                      "width": 675,
                    }
                  }
                >
                  <Image
                    source={1}
                    style={
                      Object {
                        "height": 44,
                        "marginRight": 37.5,
                        "opacity": 0.5,
                        "width": 44,
                      }
                    }
                  />
                  <Text
                    style={
                      Array [
                        Object {
                          "color": "#869DB2",
                        },
                        Object {
                          "fontFamily": "Nunito_400Regular",
                          "fontSize": 20,
                        },
                        Object {
                          "color": "#B1C2D1",
                        },
                        undefined,
                      ]
                    }
                  >
                    Amazon music
                  </Text>
                </View>
              </View>
              <View
                style={
                  Object {
                    "borderBottomColor": "#B1C2D1",
                    "borderWidth": 0.5,
                  }
                }
              />
            </View>
          </View>
        </View>
      </View>
    </RCTScrollView>
  </RNCSafeAreaView>
</View>
`;
