// Jest Snapshot v1, https://goo.gl/fbAQLP

exports[`ScrollSelector/src/ <ItemText /> renders correctly 1`] = `
<Text
  style={
    Array [
      Object {
        "color": "#869DB2",
      },
      Object {
        "fontFamily": "Nunito_400Regular",
        "fontSize": 17,
      },
      Object {
        "color": "red",
      },
      undefined,
    ]
  }
/>
`;
